-----BEGIN STRICT TYPE LIB-----
Id: stl:JPJgGAdh-leQPkWz-enMgLCV-a03LHcu-nFaPyee-MvCm1do#craft-diamond-pigment
Name: RGBLogic
Dependencies:
	BPCore#symbol-tropic-grand,
	RGBCommit#sunset-cherry-melody,
	Bitcoin#signal-color-cipher
Check-SHA256: ed9911bffd79c2fd7a3ca386c848281ffef7154e0d4db8164dc9ac9dfd8ce469

2vSEvOmAmtV*?>@tD*IvDh<9wi3iSCIT-HkA81Vlhk;Gmjr?|WwEPA_P(yEWWjCak3Y*Zh{Nou@X++6A
2-<|w*hc$lsZ8S2eB$`A5D8L8LPKwDZE1A%Y!hN5_Bp3Y36tDMM#=e#tGI($UA5U3KNx<*C>ja}LTPkk
Z)t7=20~CnZ*pY?00DdlT>wB!7L}MA7sFvK#<=RP4S#T1Vv-hhTICs&5fM~jaB^jIPH$voP+@X(Ze?;0
wjY>38tto&d&=e<t?OC7vzr3sh4VL=aEO-K69^0oRAF#(Wpq$-Z*OK3#8XmcC%Z%?j5}xa%));D{NyLM
&t4DxfsZeKd)RyrRAF#(Wpq$sbZAg=Z*OKeKVmL%Q_{#Gkvz+H9iKg9-*)mSRaq_gMnjYqO>G4cRAF#(
Wpq+$XJ~Xna$#;`Xh%-ZT+rxDK6vW;JU&?LxLM72H?wDC1Zo}=N}D)4mkLjCa%FT-a&K>D2SRCdV{d70
1^^|i^|=xh7rLW4)L(lQb*FJl;d*r#UC=Q#deq4+>4pnaV{&P5bV7M_WpgpRuIPk`cg3&=F>*1@lJ+pR
DJ{*3f84s>#k$1lf7uIEVQ@}wWMxQUb7)_z*=^-NPQ?`2v5jYd+6t@dEhY>7H!Y*UdZb-BpG^u(WnpGh
V{&P5bg6}ecT=8d`>?<6$C@F;S3|*6`1-v+nBdcqJ?FPKcnV2wbY*gGVQf%qwlfK-7{9iX4Q|L-q$GzU
Mp|h<azh8d{~gylbAe9D2TWyQW>#f#{Gz8SzLEaTf~c{WkYggkPIjuQHS#3Ua|L6d7%qre2Ut&TY<W;?
2~tNwLvL+uX><etG*S<)6P6lYy(#<=BR_>s@(?%#f7ArN-=Rj?7Ns(14peesZgXjLX>V>+d2nT9bsj>g
6`?#s5rWnKhSeO?L~x^!;Y#eFP|P}0Z%Ez^MR;^&ZgXjGZd7@2WqHKdNeFB<hn1p9Ku6w`$a6m4<J5>=
iRT*14O40w5C%+Pd1Z1jmB{9L9(7`0)Rt93YLV-HLXe?vTA1;^Q1`ZqBog<<1W#~DWCZ{SL}Fu5a&K>D
1OfpDbYXCEWpn@q0Rka#tD*IvDh<9wi3iSCIT-HkA81Vlhk;Gmjr?|WwEPdYADBNH?W>M^%H|xc>sh|D
n*!v8^Ea7rh?dzC2n+%RZ*X#DbN~eb0wHj#q4l6D4ZcK)2hLYH81C&KXiWu&flb+s{C0G-{6|jDT+rxD
K6vW;JU&?LxLM72H?wDC1Zo}=N}D)4mkCE~Z(?C=PjX}i0tIhyPjX}dBrRR>2@<s5`v}Lk@RZr<uqva|
C}IhrJ-9QY@r${f18HP<00067PjF9iWCQ~M2WMq&WpinB0000131xV6Wo~n6Z*Bkv1P6C%bZ%vHa{-G`
w{Qb%c9}kxS14ZbiR`8eq|(0z@s#80B}u>LcryZYc>*`2mkOKEwEW{4Q)xuWJqX%_(%44(X{k)&(|qFi
u@Gc+9zv-Vp*%wog4O?q)g04AaHEjnO6;Ie%sNwVNZti*Z*F5{000OCZ*Xa30ym_W3Y*Zh{Nou@X++6A
2-<|w*hc$lsZ8S2eB$`A5S7U0dLDIRU(}XWLTZugenOC;Z(5k~zEJnJiX;;E#s3O)a$#<BX>@6CZU6=Z
2X|?7Ze??G0gF(#a06?0nLd|SC|>c2?4}E((!U1rl;i3pNx$ZJGXivZ0ym_W3Y*Zh{Nou@X++6A2-<|w
*hc$lsZ8S2eB$`A5HwN`t`n9TUcD*&5hFi^PVx{q1b@^7zTcrn*%qZTXa#O>ZewKt00;zcaA{-$H>8&e
o6xlU;~7(FM9Dn}+Jw^BM*C^0Oybjg;`p%;mB{9L9(7`0)Rt93YLV-HLXe?vTA1;^Q1`ZqBog<<3Rh`#
Ze??GPjX}g1ONwVXKrtDWn=&V009VLa${&|c4cG$00067ZE0?0WB>&L0bJY;BNZ=sBHM?<`J6+Fr=A<o
EJ!(G_IUTS%E$nK5(5czWo~p~bZK^F0000AS7~%^Wpi^-Z*v9%25ez@WpXhBH>8&eo6xlU;~7(FM9Dn}
+Jw^BM*C^0Oybjg;`p%;dBoUB2y8Zom7+;NN8Xgkb3WeV)QDb*=NiflQ)(Iz254nzXJ~W)00aqiX>Db5
bYX39002k

-----END STRICT TYPE LIB-----

